I'm sorry, but errors were detected in your script. Please correct the
errors listed below, and try again.


File "game/script.rpy", line 625: play requires a channel
    play "audio/story time.ogg"
         ^

Ren'Py Version: Ren'Py 8.0.1.22070801
Fri Nov 25 20:27:54 2022
